Input #0, mov,mp4,m4a,3gp,3g2,mj2, from 'bench_outputs/cudnn_no_fallback_opt/hv15_cudnn_current_baseline_50step.mp4':
  Metadata:
    major_brand     : isom
    minor_version   : 512
    compatible_brands: isomiso2avc1mp41
    encoder         : Lavf61.1.100
  Duration: 00:00:01.38, start: 0.000000, bitrate: 1525 kb/s
  Stream #0:0[0x1](und): Video: h264 (High) (avc1 / 0x31637661), yuv420p(progressive), 832x480, 1518 kb/s, 24 fps, 24 tbr, 12288 tbn (default)
    Metadata:
      handler_name    : VideoHandler
      vendor_id       : [0][0][0][0]
      encoder         : Lavc61.3.100 libx264
Input #1, mov,mp4,m4a,3gp,3g2,mj2, from 'bench_outputs/prepad_attn_mask_opt/hv15_same_time_baseline_50step.mp4':
  Metadata:
    major_brand     : isom
    minor_version   : 512
    compatible_brands: isomiso2avc1mp41
    encoder         : Lavf61.1.100
  Duration: 00:00:01.38, start: 0.000000, bitrate: 1594 kb/s
  Stream #1:0[0x1](und): Video: h264 (High) (avc1 / 0x31637661), yuv420p(progressive), 832x480, 1587 kb/s, 24 fps, 24 tbr, 12288 tbn (default)
    Metadata:
      handler_name    : VideoHandler
      vendor_id       : [0][0][0][0]
      encoder         : Lavc61.3.100 libx264
Stream mapping:
  Stream #0:0 (h264) -> psnr
  Stream #1:0 (h264) -> psnr
  psnr:default -> Stream #0:0 (wrapped_avframe)
Press [q] to stop, [?] for help
Output #0, null, to 'pipe:':
  Metadata:
    major_brand     : isom
    minor_version   : 512
    compatible_brands: isomiso2avc1mp41
    encoder         : Lavf60.16.100
  Stream #0:0: Video: wrapped_avframe, yuv420p(progressive), 832x480, q=2-31, 200 kb/s, 24 fps, 24 tbn
    Metadata:
      encoder         : Lavc60.31.102 wrapped_avframe
frame=    0 fps=0.0 q=-0.0 size=       0kB time=00:00:00.00 bitrate=N/A speed=   0x    [out#0/null @ 0x56322768f080] video:15kB audio:0kB subtitle:0kB other streams:0kB global headers:0kB muxing overhead: unknown
frame=   33 fps=0.0 q=-0.0 Lsize=N/A time=00:00:01.33 bitrate=N/A speed=39.3x    
[Parsed_psnr_0 @ 0x563225ab2140] PSNR y:20.392854 u:32.937049 v:36.062658 average:22.064819 min:20.962278 max:23.890609
